ARM Linker, 5.03 [Build 76] [MDK-ARM Standard]

==============================================================================

Removing Unused input sections from the image.

    Removing application.o(.rev16_text), (4 bytes).
    Removing application.o(.revsh_text), (4 bytes).
    Removing startup.o(.rev16_text), (4 bytes).
    Removing startup.o(.revsh_text), (4 bytes).
    Removing board.o(.rev16_text), (4 bytes).
    Removing board.o(.revsh_text), (4 bytes).
    Removing bsp_rtc.o(.rev16_text), (4 bytes).
    Removing bsp_rtc.o(.revsh_text), (4 bytes).
    Removing stm32f10x_it.o(.rev16_text), (4 bytes).
    Removing stm32f10x_it.o(.revsh_text), (4 bytes).
    Removing adc.o(.rev16_text), (4 bytes).
    Removing adc.o(.revsh_text), (4 bytes).
    Removing rs485.o(.rev16_text), (4 bytes).
    Removing rs485.o(.revsh_text), (4 bytes).
    Removing rs485.o(.bss), (48 bytes).
    Removing led.o(.rev16_text), (4 bytes).
    Removing led.o(.revsh_text), (4 bytes).
    Removing key.o(.rev16_text), (4 bytes).
    Removing key.o(.revsh_text), (4 bytes).
    Removing spi_flash.o(.rev16_text), (4 bytes).
    Removing spi_flash.o(.revsh_text), (4 bytes).
    Removing usart.o(.rev16_text), (4 bytes).
    Removing usart.o(.revsh_text), (4 bytes).
    Removing dm9000a.o(.rev16_text), (4 bytes).
    Removing dm9000a.o(.revsh_text), (4 bytes).
    Removing dm9000a.o(.data), (8 bytes).
    Removing spfd5420a.o(.rev16_text), (4 bytes).
    Removing spfd5420a.o(.revsh_text), (4 bytes).
    Removing system_stm32f10x.o(.rev16_text), (4 bytes).
    Removing system_stm32f10x.o(.revsh_text), (4 bytes).
    Removing stm32f10x_crc.o(.rev16_text), (4 bytes).
    Removing stm32f10x_crc.o(.revsh_text), (4 bytes).
    Removing stm32f10x_crc.o(.text), (72 bytes).
    Removing stm32f10x_rcc.o(.rev16_text), (4 bytes).
    Removing stm32f10x_rcc.o(.revsh_text), (4 bytes).
    Removing stm32f10x_wwdg.o(.rev16_text), (4 bytes).
    Removing stm32f10x_wwdg.o(.revsh_text), (4 bytes).
    Removing stm32f10x_wwdg.o(.text), (288 bytes).
    Removing stm32f10x_pwr.o(.rev16_text), (4 bytes).
    Removing stm32f10x_pwr.o(.revsh_text), (4 bytes).
    Removing stm32f10x_exti.o(.rev16_text), (4 bytes).
    Removing stm32f10x_exti.o(.revsh_text), (4 bytes).
    Removing stm32f10x_bkp.o(.rev16_text), (4 bytes).
    Removing stm32f10x_bkp.o(.revsh_text), (4 bytes).
    Removing stm32f10x_i2c.o(.rev16_text), (4 bytes).
    Removing stm32f10x_i2c.o(.revsh_text), (4 bytes).
    Removing stm32f10x_i2c.o(.text), (3188 bytes).
    Removing stm32f10x_adc.o(.rev16_text), (4 bytes).
    Removing stm32f10x_adc.o(.revsh_text), (4 bytes).
    Removing stm32f10x_dac.o(.rev16_text), (4 bytes).
    Removing stm32f10x_dac.o(.revsh_text), (4 bytes).
    Removing stm32f10x_dac.o(.text), (1156 bytes).
    Removing stm32f10x_rtc.o(.rev16_text), (4 bytes).
    Removing stm32f10x_rtc.o(.revsh_text), (4 bytes).
    Removing stm32f10x_fsmc.o(.rev16_text), (4 bytes).
    Removing stm32f10x_fsmc.o(.revsh_text), (4 bytes).
    Removing stm32f10x_tim.o(.rev16_text), (4 bytes).
    Removing stm32f10x_tim.o(.revsh_text), (4 bytes).
    Removing stm32f10x_iwdg.o(.rev16_text), (4 bytes).
    Removing stm32f10x_iwdg.o(.revsh_text), (4 bytes).
    Removing stm32f10x_iwdg.o(.text), (228 bytes).
    Removing stm32f10x_spi.o(.rev16_text), (4 bytes).
    Removing stm32f10x_spi.o(.revsh_text), (4 bytes).
    Removing stm32f10x_flash.o(.rev16_text), (4 bytes).
    Removing stm32f10x_flash.o(.revsh_text), (4 bytes).
    Removing stm32f10x_flash.o(.text), (1940 bytes).
    Removing stm32f10x_sdio.o(.rev16_text), (4 bytes).
    Removing stm32f10x_sdio.o(.revsh_text), (4 bytes).
    Removing stm32f10x_sdio.o(.text), (1620 bytes).
    Removing stm32f10x_gpio.o(.rev16_text), (4 bytes).
    Removing stm32f10x_gpio.o(.revsh_text), (4 bytes).
    Removing stm32f10x_usart.o(.rev16_text), (4 bytes).
    Removing stm32f10x_usart.o(.revsh_text), (4 bytes).
    Removing stm32f10x_dbgmcu.o(.rev16_text), (4 bytes).
    Removing stm32f10x_dbgmcu.o(.revsh_text), (4 bytes).
    Removing stm32f10x_dbgmcu.o(.text), (152 bytes).
    Removing stm32f10x_dma.o(.rev16_text), (4 bytes).
    Removing stm32f10x_dma.o(.revsh_text), (4 bytes).
    Removing stm32f10x_can.o(.rev16_text), (4 bytes).
    Removing stm32f10x_can.o(.revsh_text), (4 bytes).
    Removing stm32f10x_can.o(.text), (4376 bytes).
    Removing stm32f10x_cec.o(.rev16_text), (4 bytes).
    Removing stm32f10x_cec.o(.revsh_text), (4 bytes).
    Removing stm32f10x_cec.o(.text), (688 bytes).
    Removing misc.o(.rev16_text), (4 bytes).
    Removing misc.o(.revsh_text), (4 bytes).
    Removing mempool.o(.text), (1186 bytes).
    Removing mempool.o(.constdata), (62 bytes).
    Removing mempool.o(.data), (8 bytes).
    Removing backtrace.o(.text), (2 bytes).
    Removing div0.o(.text), (4 bytes).
    Removing showmem.o(.text), (164 bytes).
    Removing showmem.o(.constdata), (18 bytes).
    Removing pipe.o(.text), (1328 bytes).
    Removing pipe.o(.constdata), (86 bytes).
    Removing portal.o(.text), (884 bytes).
    Removing portal.o(.constdata), (95 bytes).
    Removing ringbuffer.o(.text), (1344 bytes).
    Removing ringbuffer.o(.constdata), (151 bytes).
    Removing workqueue.o(.text), (540 bytes).
    Removing workqueue.o(.constdata), (90 bytes).
    Removing mbutils.o(.rev16_text), (4 bytes).
    Removing mbutils.o(.revsh_text), (4 bytes).
    Removing mbfuncother.o(.rev16_text), (4 bytes).
    Removing mbfuncother.o(.revsh_text), (4 bytes).
    Removing mbcrc.o(.rev16_text), (4 bytes).
    Removing mbcrc.o(.revsh_text), (4 bytes).
    Removing port.o(.rev16_text), (4 bytes).
    Removing port.o(.revsh_text), (4 bytes).
    Removing user_mb_app.o(.rev16_text), (4 bytes).
    Removing user_mb_app.o(.revsh_text), (4 bytes).
    Removing mbfunccoils.o(.rev16_text), (4 bytes).
    Removing mbfunccoils.o(.revsh_text), (4 bytes).
    Removing mbfuncdisc.o(.rev16_text), (4 bytes).
    Removing mbfuncdisc.o(.revsh_text), (4 bytes).
    Removing mbfuncholding.o(.rev16_text), (4 bytes).
    Removing mbfuncholding.o(.revsh_text), (4 bytes).
    Removing mbfuncinput.o(.rev16_text), (4 bytes).
    Removing mbfuncinput.o(.revsh_text), (4 bytes).
    Removing mbrtu.o(.rev16_text), (4 bytes).
    Removing mbrtu.o(.revsh_text), (4 bytes).
    Removing mb.o(.rev16_text), (4 bytes).
    Removing mb.o(.revsh_text), (4 bytes).
    Removing portevent.o(.rev16_text), (4 bytes).
    Removing portevent.o(.revsh_text), (4 bytes).
    Removing portserial.o(.rev16_text), (4 bytes).
    Removing portserial.o(.revsh_text), (4 bytes).
    Removing porttimer.o(.rev16_text), (4 bytes).
    Removing porttimer.o(.revsh_text), (4 bytes).
    Removing err.o(.text), (16 bytes).
    Removing err.o(.conststring), (274 bytes).
    Removing err.o(.data), (64 bytes).
    Removing netdb.o(.text), (700 bytes).
    Removing netdb.o(.bss), (20 bytes).
    Removing netdb.o(.data), (20 bytes).
    Removing sys.o(.text), (36 bytes).

136 unused section(s) (total 21264 bytes) removed from the image.

==============================================================================

Image component sizes


      Code (inc. data)   RO Data    RW Data    ZI Data      Debug   Object Name

        32          6       1520          0          0        843   AsciiLib.o
       280         16          0          2          0       1219   adc.o
      3272        874          0          0          0      26690   api_lib.o
      6300       1262          0          0          0      21743   api_msg.o
       808        228          0          4       3992     323096   application.o
       152         22          0          0          0      24145   board.o
       480        168         15          0         64       1983   bsp_rtc.o
       100          4          0          4          0       1244   clock.o
      2996       1224        952          4          0      10582   cmd.o
       584        158         57          0          0       2799   completion.o
        64         12         12          0          0       1438   components.o
       236         24          0          0          0        696   context_rvds.o
      1540        750         19         16          0       3627   cpuport.o
      1220        144         75          0          0       6249   dataqueue.o
        62          0          0          0          0       1042   def.o
      1008        166        168          0          0       4753   device.o
      5264       1780         45          0        188      12001   dm9000a.o
      1948        268          0         20       1635       7536   dns.o
      3928        626         80          1        200      10135   etharp.o
      2636        854        156          0       1456      20725   ethernetif.o
      6168        154          0          8          0      10114   finsh_compiler.o
        44         10        216         61          0       1373   finsh_error.o
       528         18          0          8        128       3111   finsh_heap.o
        88          6          0          0          0       1392   finsh_init.o
       388          4          0          0        320       3012   finsh_node.o
      2776         36        196          0          0       8372   finsh_ops.o
      2428         32          0          0          0       9261   finsh_parser.o
      1624         16        108          0          0       5656   finsh_token.o
       408         16          0          4        192       6645   finsh_var.o
       228         34          0         12        384       6250   finsh_vm.o
      1064        350          0          0          0       2395   icmp.o
       356        104         22          4        384       2559   idle.o
       608         18         67          0          0       2905   inet_chksum.o
        32          0          0          0          0      14708   init.o
      1064        150          0         18          0       6047   ip.o
       784         86          8          0         16       9131   ip_addr.o
      6904        466        471          0          0      20847   ipc.o
        72          6          0          1          0       1090   irq.o
      1416        140          0          0        166       4732   key.o
      2480        170        290          8        128      10496   kservice.o
       256         10         12          1          0       1833   led.o
       752         98          0        184          0       4757   mb.o
        56          8        512          0          0       1116   mbcrc.o
       430          0          0          0          0       2998   mbfunccoils.o
       172          0          0          0          0       1600   mbfuncdisc.o
       528          0          0          0          0       3829   mbfuncholding.o
       140          0          0          0          0       1551   mbfuncinput.o
       148          8          0          2         32       1705   mbfuncother.o
       728         32         68         12        256       3645   mbrtu.o
       184          6         73          0          0       1886   mbutils.o
      2480        586        328         32         32       5438   mem.o
         0          0         28          0          0       1069   memp.o
       488         74          0          0          0       1909   misc.o
       876        132         64          4          0       4233   msh.o
       188         68        172          0          0       2417   msh_cmd.o
       936        320          0          0          0       7681   netbuf.o
         0          0          0          0          0       2784   netdb.o
       796        100          0          9          0      14950   netif.o
       248          0          0          0          0       4837   netifapi.o
       864        180         94        164          0       5408   object.o
      4116       1154          0          1          0       9655   pbuf.o
        18          0          0          0          0        700   port.o
       120         16          0          0         32       1368   portevent.o
       480         16          0          0          0       2469   portserial.o
       272         14          0          0          0       1225   porttimer.o
       568        114          0          4          0       3205   raw.o
       604        172         17         12          0       4672   rs485.o
       316         14         52          4          0       3402   rtc.o
       820        180         78         28        256       4381   scheduler.o
      2700        340        211          0          0       8033   serial.o
      2716        322        100          4       2308       5268   shell.o
      7680        656         64          8         96      33137   sockets.o
      2908        286         12         24         64       9373   spfd5420a.o
      1900        144        163          0          0       5838   spi_core.o
       736        180        129          0          0       3399   spi_dev.o
      1968         90          8          0       4124       8220   spi_flash.o
       176         88          0          0          0       1079   startup.o
        64         26        304          0       8704        820   startup_stm32f10x_hd.o
      3796        130          0          0          0      12837   stm32f10x_adc.o
       724         70          0          0          0       3832   stm32f10x_bkp.o
      2316        160          0          0          0       5382   stm32f10x_dma.o
       740         70          0          0          0       2527   stm32f10x_exti.o
      3516        128          0          0          0       6435   stm32f10x_fsmc.o
      2668        204          0          0          0       6961   stm32f10x_gpio.o
       100         20          0          0          0       1190   stm32f10x_it.o
       456         78          0          0          0       2087   stm32f10x_pwr.o
      2120        122          0         20          0       9832   stm32f10x_rcc.o
       556         64          0          0          0       2850   stm32f10x_rtc.o
      2444        102          0          0          0       7694   stm32f10x_spi.o
     14204        840          0          0          0      29616   stm32f10x_tim.o
      3516        148          0          0          0      10048   stm32f10x_usart.o
         0          0          0         16          0       3897   symbol.o
      2164        412        183          6          0      12196   sys_arch.o
       476         36          0         20          0       1799   system_stm32f10x.o
      5424       1096        184         35          0      21764   tcp.o
      7604       1052          0         32         20      16079   tcp_in.o
      5014        932         85          0          0       9763   tcp_out.o
      1020        168          0         12          0      16818   tcpip.o
      1720        246        170          0          0       7446   thread.o
      1640        176         92         24        640       7127   timer.o
       712        158          0          8          0       4059   timers.o
      1520        182          0          8          0       6850   udp.o
       940        138         80         16        168      25676   usart.o
       796         34          0         18        400       3457   user_mb_app.o

    ----------------------------------------------------------------------
    166996      22602       7802        900      26388    1032754   Object Totals
         0          0         32          0          0          0   (incl. Generated)
         8          0         10         17          3          0   (incl. Padding)

    ----------------------------------------------------------------------

      Code (inc. data)   RO Data    RW Data    ZI Data      Debug   Library Member Name

        44          6          0          0          0         84   __2sprintf.o
        90          0          0          0          0          0   __dczerorl2.o
         8          0          0          0          0         68   __main.o
       396          6         17          0          0         92   __printf_flags_ss_wp.o
        14          0          0          0          0         68   __printf_wp.o
        52          8          0          0          0          0   __scatter.o
        28          0          0          0          0          0   __scatter_zi.o
        28          0          0          0          0         68   _chval.o
         0          0         12          0          0          0   _monlen.o
         6          0          0          0          0          0   _printf_a.o
         6          0          0          0          0          0   _printf_c.o
        44          0          0          0          0        108   _printf_char.o
        48          6          0          0          0         96   _printf_char_common.o
        42          0          0          0          0         68   _printf_charcount.o
         6          0          0          0          0          0   _printf_d.o
       120         18          0          0          0         92   _printf_dec.o
         6          0          0          0          0          0   _printf_e.o
         6          0          0          0          0          0   _printf_f.o
      1056          0          0          0          0        216   _printf_fp_dec.o
       768          8         38          0          0        100   _printf_fp_hex.o
       128         16          0          0          0         84   _printf_fp_infnan.o
         6          0          0          0          0          0   _printf_g.o
       156          6         40          0          0        160   _printf_hex_int_ll_ptr.o
         6          0          0          0          0          0   _printf_i.o
       184          0          0          0          0         88   _printf_intcommon.o
        10          0          0          0          0          0   _printf_l.o
         6          0          0          0          0          0   _printf_lc.o
        10          0          0          0          0          0   _printf_ll.o
         6          0          0          0          0          0   _printf_lld.o
         6          0          0          0          0          0   _printf_lli.o
         6          0          0          0          0          0   _printf_llo.o
         6          0          0          0          0          0   _printf_llu.o
         6          0          0          0          0          0   _printf_llx.o
       120         16          0          0          0         92   _printf_longlong_dec.o
         6          0          0          0          0          0   _printf_ls.o
         6          0          0          0          0          0   _printf_n.o
         6          0          0          0          0          0   _printf_o.o
       120          8          0          0          0        124   _printf_oct_int_ll.o
         6          0          0          0          0          0   _printf_p.o
        82          0          0          0          0        108   _printf_pad.o
         0          0          0          0          0          0   _printf_percent.o
         4          0          0          0          0          0   _printf_percent_end.o
         6          0          0          0          0          0   _printf_s.o
        82          0          0          0          0         80   _printf_str.o
        36          0          0          0          0         84   _printf_truncate.o
         6          0          0          0          0          0   _printf_u.o
        44          0          0          0          0        108   _printf_wchar.o
       188          6          8          0          0         92   _printf_wctomb.o
         6          0          0          0          0          0   _printf_x.o
        10          0          0          0          0         68   _sputc.o
       158          0          0          0          0         92   _strtoul.o
        64          0          0          0          0         92   _wcrtomb.o
        12          6          0          0         68         68   asctime.o
       104         30          0          0          0         88   asctime_internal.o
        26          0          0          0          0         80   atoi.o
       228          6        148          0          0         96   bigflt0.o
      1910        128          0          0          0        672   btod.o
        14          0          0          0          0         80   ctime.o
        12          0          0          0          0         72   exit.o
         6          0          0          0          0        152   heapauxi.o
         0          0          0          0          0          0   indicate_semi.o
        44         10        272          0          0         76   lc_ctype_c.o
        44         10         28          0          0         76   lc_numeric_c.o
        44         10        376          0          0         76   lc_time_c.o
         2          0          0          0          0          0   libinit.o
        40          0          0          0          0          0   libinit2.o
         2          0          0          0          0          0   libshutdown.o
         2          0          0          0          0          0   libshutdown2.o
         8          4          0          0         96         68   libspace.o
       138          0          0          0          0         80   lludiv10.o
        12          6          0          0         44         68   localtime.o
       164          6          0          0          0         80   localtime_internal.o
        88          0          0          0          0         76   memcmp.o
       420          8          0          0          0        128   mktime.o
        16          4          0          0          0         76   rt_ctype_table.o
         8          4          0          0          0         68   rt_errno_addr_intlibspace.o
         8          4          0          0          0         68   rt_locale_intlibspace.o
        68          0          0          0          0         68   rt_memclr.o
        78          0          0          0          0         80   rt_memclr_w.o
       138          0          0          0          0         68   rt_memcpy_v6.o
       100          0          0          0          0         80   rt_memcpy_w.o
         0          0          0          0          0          0   rtentry.o
        12          0          0          0          0          0   rtentry2.o
         6          0          0          0          0          0   rtentry4.o
         2          0          0          0          0          0   rtexit.o
        10          0          0          0          0          0   rtexit2.o
        44          6          0          0          0         84   sprintf.o
        24          0          0          0          0         68   strcat.o
       128          0          0          0          0         68   strcmpv7m.o
        72          0          0          0          0         80   strcpy.o
        62          0          0          0          0         76   strlen.o
       150          0          0          0          0         80   strncmp.o
        86          0          0          0          0         76   strncpy.o
       112          0          0          0          0         88   strtol.o
        12          4          0          0          0         68   sys_exit.o
        74          0          0          0          0         80   sys_stackheap_outer.o
         2          0          0          0          0         68   use_no_semi.o
        98          4          0          0          0         92   d2f.o
       340         12          0          0          0        104   dmul.o
       156          4          0          0          0         92   dnaninf.o
        12          0          0          0          0         68   dretinf.o
        86          4          0          0          0         84   f2d.o
       388         76          0          0          0         96   fdiv.o
        38          0          0          0          0         68   fflt_clz.o
       140          4          0          0          0         84   fnaninf.o
        10          0          0          0          0         68   fretinf.o
         4          0          0          0          0         68   printf1.o
         4          0          0          0          0         68   printf2.o
         0          0          0          0          0          0   usenofp.o
        40          0          0          0          0         68   fpclassify.o

    ----------------------------------------------------------------------
     10124        454        942          0        208       6672   Library Totals
        22          0          3          0          0          0   (incl. Padding)

    ----------------------------------------------------------------------

      Code (inc. data)   RO Data    RW Data    ZI Data      Debug   Library Name

      8786        350        939          0        208       5712   c_w.l
      1276        104          0          0          0        892   fz_ws.l
        40          0          0          0          0         68   m_ws.l

    ----------------------------------------------------------------------
     10124        454        942          0        208       6672   Library Totals

    ----------------------------------------------------------------------

==============================================================================


      Code (inc. data)   RO Data    RW Data    ZI Data      Debug   

    177120      23056       8744        900      26596    1027102   Grand Totals
    177120      23056       8744        252      26596    1027102   ELF Image Totals (compressed)
    177120      23056       8744        252          0          0   ROM Totals

==============================================================================

    Total RO  Size (Code + RO Data)               185864 ( 181.51kB)
    Total RW  Size (RW Data + ZI Data)             27496 (  26.85kB)
    Total ROM Size (Code + RO Data + RW Data)     186116 ( 181.75kB)

==============================================================================

